// Jest Snapshot v1, https://goo.gl/fbAQLP

exports[`Goals component renders screen with user data and no goals 1`] = `"<div width=\\"100%\\" class=\\"sc-gswNZR hHlltY\\"><div width=\\"100%\\" height=\\"100vh\\" display=\\"none,none,none,flex,flex\\" class=\\"sc-gswNZR itdUVl\\"><svg width=\\"100%\\" height=\\"100%\\">goals-bg.svg</svg></div><div display=\\"flex\\" width=\\"100%\\" class=\\"sc-gswNZR fSPEna\\"><div width=\\"100%\\" display=\\"flex\\" class=\\"sc-gswNZR gLMvmS\\"><button class=\\"sc-eDvSVe hJltOn\\">Log out</button></div><div display=\\"flex\\" width=\\"90%,90%,80%,80%,65%\\" class=\\"sc-gswNZR cRdndm\\"><h1 color=\\"heading\\" font-family=\\"heading\\" font-weight=\\"1\\" class=\\"sc-gKPRtg eqkKZz\\">Hi Billie, add your first goal.</h1><form action=\\"#\\" style=\\"display: flex; justify-content: center; flex-direction: column; background: white; max-width: 400px; width: 80%; margin-top: 10px; margin-bottom: 20px; padding: 30px; border-radius: 10px;\\"><div display=\\"flex\\" class=\\"sc-gswNZR cpRDQJ\\"><label color=\\"label\\" font-size=\\"4\\" font-family=\\"body\\" for=\\"goalDefinition\\" class=\\"sc-jrcTuL eQqIKu\\">Goal description</label><textarea color=\\"text\\" font-family=\\"body\\" font-size=\\"3\\" id=\\"goalDefinition\\" name=\\"goalDefinition\\" placeholder=\\"Go S.M.A.R.T\\" height=\\"100\\" class=\\"sc-eDWCr sc-bqWxrE bgvrIn GSsD\\"></textarea><div class=\\"sc-gswNZR\\"></div></div><div display=\\"flex\\" class=\\"sc-gswNZR cpRDQJ\\"><label color=\\"label\\" font-size=\\"4\\" font-family=\\"body\\" for=\\"priority\\" class=\\"sc-jrcTuL eQqIKu\\">Goal priority</label><select color=\\"text\\" font-family=\\"body\\" font-size=\\"3\\" id=\\"priority\\" name=\\"priority\\" class=\\"sc-ipEyDJ sc-csuSiG fXmrjF bmzVlg\\"><option>Choose priority</option><option>main</option><option>secondary</option><option>tertiary</option></select><div class=\\"sc-gswNZR\\"></div></div><div display=\\"flex\\" class=\\"sc-gswNZR cpRDQJ\\"><label color=\\"label\\" font-size=\\"4\\" font-family=\\"body\\" for=\\"startDate\\" class=\\"sc-jrcTuL eQqIKu\\">Start date</label><input type=\\"date\\" color=\\"text\\" font-family=\\"body\\" font-size=\\"3\\" id=\\"startDate\\" name=\\"startDate\\" format=\\"yyyy-mm-dd\\" class=\\"sc-iBYQkv sc-ftTHYK cRxfSw gtfHWc\\" value=\\"\\"><div class=\\"sc-gswNZR\\"></div></div><div display=\\"flex\\" class=\\"sc-gswNZR cpRDQJ\\"><label color=\\"label\\" font-size=\\"4\\" font-family=\\"body\\" for=\\"endDate\\" class=\\"sc-jrcTuL eQqIKu\\">End date</label><input type=\\"date\\" color=\\"text\\" font-family=\\"body\\" font-size=\\"3\\" id=\\"endDate\\" name=\\"endDate\\" format=\\"yyyy-mm-dd\\" class=\\"sc-iBYQkv sc-ftTHYK cRxfSw gtfHWc\\" value=\\"\\"><div class=\\"sc-gswNZR\\"></div></div><button type=\\"submit\\" class=\\"sc-eDvSVe cOfaGf\\">Set new goal</button></form></div></div></div>"`;
