// Jest Snapshot v1, https://goo.gl/fbAQLP

exports[`Habits component renders screen with goal listed in the side bar, and two habit cards 1`] = `"<div display=\\"flex\\" width=\\"100%\\" class=\\"sc-gswNZR kUduhK\\"><div width=\\"auto,auto,auto,auto,25%\\" class=\\"sc-gswNZR dJMIkw\\"><div display=\\"flex\\" class=\\"sc-gswNZR vkNxI\\"><a href=\\"/goals\\"><button aria-label=\\"Back to goals page\\" display=\\"flex\\" height=\\"40\\" width=\\"40\\" class=\\"sc-bcXHqe gGHIzM\\"><svg width=\\"26px\\" height=\\"26px\\" viewBox=\\"0 0 48 48\\" xmlns=\\"http://www.w3.org/2000/svg\\" name=\\"arrow-left\\" aria-hidden=\\"true\\" class=\\"sc-hLBbgP fbRFTU\\"><path fill=\\"none\\" stroke=\\"#1A237E\\" stroke-width=\\"4\\" stroke-linejoin=\\"round\\" stroke-linecap=\\"round\\" d=\\"M5.79889 24H41.7989\\"></path><path fill=\\"none\\" stroke=\\"#1A237E\\" stroke-width=\\"4\\" stroke-linejoin=\\"round\\" stroke-linecap=\\"round\\" d=\\"M17.7988 36L5.79883 24L17.7988 12\\"></path></svg></button></a><button display=\\"block,block,block,block,none\\" class=\\"sc-bcXHqe jmzQEq\\">Log out</button></div><div display=\\"flex\\" class=\\"sc-gswNZR jrZubv\\"><div font-size=\\"4\\" width=\\"100%\\" class=\\"sc-gswNZR bDZAsr\\">Improve sleep quality by exercising and drinking less coffee</div><div color=\\"grey.4\\" font-size=\\"4\\" height=\\"60\\" width=\\"100%\\" class=\\"sc-gswNZR eCTDea\\">Filters container placeholder</div><div display=\\"none,none,none,none,block\\" class=\\"sc-gswNZR fzHayT\\"><svg>Data.svg</svg></div></div></div><div width=\\"auto,auto,auto,auto,75%\\" class=\\"sc-gswNZR dKljkg\\"><div display=\\"none,none,none,none,flex\\" width=\\"100%\\" class=\\"sc-gswNZR EEXWC\\"><button class=\\"sc-bcXHqe hXZpbj\\">Log out</button></div><div display=\\"flex\\" class=\\"sc-gswNZR eyzHEH\\"><h1 color=\\"heading\\" font-family=\\"heading\\" font-weight=\\"1\\" class=\\"sc-jSUZER fZmrhL\\">Habits' Overview</h1><div display=\\"flex\\" width=\\"90%,90%,90%,90%,70%\\" class=\\"sc-gswNZR hDPBwo\\"><div display=\\"flex\\" class=\\"sc-gswNZR kHkLCL\\"><button display=\\"flex\\" width=\\"150\\" class=\\"sc-bcXHqe EgaYZ\\">Settings<svg width=\\"18\\" style=\\"margin-left: 8px;\\" height=\\"18\\" viewBox=\\"0 0 48 48\\" xmlns=\\"http://www.w3.org/2000/svg\\" name=\\"down-c\\" role=\\"graphics-symbol\\" aria-hidden=\\"true\\" class=\\"sc-hLBbgP ixtKLE\\"><path fill=\\"none\\" stroke=\\"#fff\\" stroke-width=\\"4\\" stroke-linejoin=\\"round\\" stroke-linecap=\\"round\\" d=\\"M24 44C35.0457 44 44 35.0457 44 24C44 12.9543 35.0457 4 24 4C12.9543 4 4 12.9543 4 24C4 35.0457 12.9543 44 24 44Z\\"></path><path fill=\\"none\\" stroke=\\"#fff\\" stroke-width=\\"4\\" stroke-linejoin=\\"round\\" stroke-linecap=\\"round\\" d=\\"M33 21L24 30L15 21\\"></path></svg></button><button display=\\"flex\\" width=\\"150\\" class=\\"sc-bcXHqe iWYaAY\\">New Entry<svg width=\\"18\\" style=\\"margin-left: 8px;\\" height=\\"18\\" viewBox=\\"0 0 48 48\\" xmlns=\\"http://www.w3.org/2000/svg\\" name=\\"add-one\\" role=\\"graphics-symbol\\" aria-hidden=\\"true\\" class=\\"sc-hLBbgP ixtKLE\\"><path fill=\\"none\\" stroke=\\"#fff\\" stroke-width=\\"4\\" stroke-linejoin=\\"round\\" stroke-linecap=\\"round\\" d=\\"M24 44C35.0457 44 44 35.0457 44 24C44 12.9543 35.0457 4 24 4C12.9543 4 4 12.9543 4 24C4 35.0457 12.9543 44 24 44Z\\"></path><path fill=\\"none\\" stroke=\\"#fff\\" stroke-width=\\"4\\" stroke-linejoin=\\"round\\" stroke-linecap=\\"round\\" d=\\"M24 16V32\\"></path><path fill=\\"none\\" stroke=\\"#fff\\" stroke-width=\\"4\\" stroke-linejoin=\\"round\\" stroke-linecap=\\"round\\" d=\\"M16 24L32 24\\"></path></svg></button></div><div display=\\"flex\\" class=\\"sc-gswNZR cJRnNB\\"><svg width=\\"20\\" height=\\"20\\" viewBox=\\"0 0 48 48\\" xmlns=\\"http://www.w3.org/2000/svg\\" name=\\"check-one\\" aria-hidden=\\"true\\" role=\\"graphics-symbol\\" class=\\"sc-hLBbgP fRRZMG\\"><path fill=\\"none\\" stroke=\\"#1D8348\\" stroke-width=\\"4\\" stroke-linejoin=\\"round\\" stroke-linecap=\\"round\\" d=\\"M24 44C29.5228 44 34.5228 41.7614 38.1421 38.1421C41.7614 34.5228 44 29.5228 44 24C44 18.4772 41.7614 13.4772 38.1421 9.85786C34.5228 6.23858 29.5228 4 24 4C18.4772 4 13.4772 6.23858 9.85786 9.85786C6.23858 13.4772 4 18.4772 4 24C4 29.5228 6.23858 34.5228 9.85786 38.1421C13.4772 41.7614 18.4772 44 24 44Z\\"></path><path fill=\\"none\\" stroke=\\"#1D8348\\" stroke-width=\\"4\\" stroke-linejoin=\\"round\\" stroke-linecap=\\"round\\" d=\\"M16 24L22 30L34 18\\"></path></svg><p font-family=\\"body\\" font-size=\\"4\\" class=\\"sc-eDvSVe iNfMhQ\\">Run 2 km every evening</p></div><button display=\\"flex\\" width=\\"170\\" class=\\"sc-bcXHqe cqLsUE\\">Show entries<svg width=\\"18\\" style=\\"margin-left: 8px;\\" height=\\"18\\" viewBox=\\"0 0 48 48\\" xmlns=\\"http://www.w3.org/2000/svg\\" name=\\"down-c\\" role=\\"graphics-symbol\\" aria-hidden=\\"true\\" class=\\"sc-hLBbgP ixtKLE\\"><path fill=\\"none\\" stroke=\\"#1A237E\\" stroke-width=\\"4\\" stroke-linejoin=\\"round\\" stroke-linecap=\\"round\\" d=\\"M24 44C35.0457 44 44 35.0457 44 24C44 12.9543 35.0457 4 24 4C12.9543 4 4 12.9543 4 24C4 35.0457 12.9543 44 24 44Z\\"></path><path fill=\\"none\\" stroke=\\"#1A237E\\" stroke-width=\\"4\\" stroke-linejoin=\\"round\\" stroke-linecap=\\"round\\" d=\\"M33 21L24 30L15 21\\"></path></svg></button></div><div display=\\"flex\\" width=\\"90%,90%,90%,90%,70%\\" class=\\"sc-gswNZR hDPBwo\\"><div display=\\"flex\\" class=\\"sc-gswNZR kHkLCL\\"><button display=\\"flex\\" width=\\"150\\" class=\\"sc-bcXHqe EgaYZ\\">Settings<svg width=\\"18\\" style=\\"margin-left: 8px;\\" height=\\"18\\" viewBox=\\"0 0 48 48\\" xmlns=\\"http://www.w3.org/2000/svg\\" name=\\"down-c\\" role=\\"graphics-symbol\\" aria-hidden=\\"true\\" class=\\"sc-hLBbgP ixtKLE\\"><path fill=\\"none\\" stroke=\\"#fff\\" stroke-width=\\"4\\" stroke-linejoin=\\"round\\" stroke-linecap=\\"round\\" d=\\"M24 44C35.0457 44 44 35.0457 44 24C44 12.9543 35.0457 4 24 4C12.9543 4 4 12.9543 4 24C4 35.0457 12.9543 44 24 44Z\\"></path><path fill=\\"none\\" stroke=\\"#fff\\" stroke-width=\\"4\\" stroke-linejoin=\\"round\\" stroke-linecap=\\"round\\" d=\\"M33 21L24 30L15 21\\"></path></svg></button><button display=\\"flex\\" width=\\"150\\" class=\\"sc-bcXHqe iWYaAY\\">New Entry<svg width=\\"18\\" style=\\"margin-left: 8px;\\" height=\\"18\\" viewBox=\\"0 0 48 48\\" xmlns=\\"http://www.w3.org/2000/svg\\" name=\\"add-one\\" role=\\"graphics-symbol\\" aria-hidden=\\"true\\" class=\\"sc-hLBbgP ixtKLE\\"><path fill=\\"none\\" stroke=\\"#fff\\" stroke-width=\\"4\\" stroke-linejoin=\\"round\\" stroke-linecap=\\"round\\" d=\\"M24 44C35.0457 44 44 35.0457 44 24C44 12.9543 35.0457 4 24 4C12.9543 4 4 12.9543 4 24C4 35.0457 12.9543 44 24 44Z\\"></path><path fill=\\"none\\" stroke=\\"#fff\\" stroke-width=\\"4\\" stroke-linejoin=\\"round\\" stroke-linecap=\\"round\\" d=\\"M24 16V32\\"></path><path fill=\\"none\\" stroke=\\"#fff\\" stroke-width=\\"4\\" stroke-linejoin=\\"round\\" stroke-linecap=\\"round\\" d=\\"M16 24L32 24\\"></path></svg></button></div><div display=\\"flex\\" class=\\"sc-gswNZR cJRnNB\\"><svg width=\\"20\\" height=\\"20\\" viewBox=\\"0 0 48 48\\" xmlns=\\"http://www.w3.org/2000/svg\\" name=\\"close-one\\" aria-hidden=\\"true\\" role=\\"graphics-symbol\\" class=\\"sc-hLBbgP fRRZMG\\"><path fill=\\"none\\" stroke=\\"#922B21\\" stroke-width=\\"4\\" stroke-linejoin=\\"round\\" stroke-linecap=\\"round\\" d=\\"M24 44C35.0457 44 44 35.0457 44 24C44 12.9543 35.0457 4 24 4C12.9543 4 4 12.9543 4 24C4 35.0457 12.9543 44 24 44Z\\"></path><path fill=\\"none\\" stroke=\\"#922B21\\" stroke-width=\\"4\\" stroke-linejoin=\\"round\\" stroke-linecap=\\"round\\" d=\\"M29.6567 18.3432L18.343 29.6569\\"></path><path fill=\\"none\\" stroke=\\"#922B21\\" stroke-width=\\"4\\" stroke-linejoin=\\"round\\" stroke-linecap=\\"round\\" d=\\"M18.3433 18.3432L29.657 29.6569\\"></path></svg><p font-family=\\"body\\" font-size=\\"4\\" class=\\"sc-eDvSVe iNfMhQ\\">Drink only one coffee per day</p></div><button display=\\"flex\\" width=\\"170\\" class=\\"sc-bcXHqe cqLsUE\\">Show entries<svg width=\\"18\\" style=\\"margin-left: 8px;\\" height=\\"18\\" viewBox=\\"0 0 48 48\\" xmlns=\\"http://www.w3.org/2000/svg\\" name=\\"down-c\\" role=\\"graphics-symbol\\" aria-hidden=\\"true\\" class=\\"sc-hLBbgP ixtKLE\\"><path fill=\\"none\\" stroke=\\"#1A237E\\" stroke-width=\\"4\\" stroke-linejoin=\\"round\\" stroke-linecap=\\"round\\" d=\\"M24 44C35.0457 44 44 35.0457 44 24C44 12.9543 35.0457 4 24 4C12.9543 4 4 12.9543 4 24C4 35.0457 12.9543 44 24 44Z\\"></path><path fill=\\"none\\" stroke=\\"#1A237E\\" stroke-width=\\"4\\" stroke-linejoin=\\"round\\" stroke-linecap=\\"round\\" d=\\"M33 21L24 30L15 21\\"></path></svg></button></div></div><button display=\\"flex\\" class=\\"sc-bcXHqe eILiBH\\">Add habit<svg width=\\"18\\" style=\\"margin-left: 8px;\\" height=\\"18\\" viewBox=\\"0 0 48 48\\" xmlns=\\"http://www.w3.org/2000/svg\\" name=\\"add-one\\" role=\\"graphics-symbol\\" aria-hidden=\\"true\\" class=\\"sc-hLBbgP ixtKLE\\"><path fill=\\"none\\" stroke=\\"#fff\\" stroke-width=\\"4\\" stroke-linejoin=\\"round\\" stroke-linecap=\\"round\\" d=\\"M24 44C35.0457 44 44 35.0457 44 24C44 12.9543 35.0457 4 24 4C12.9543 4 4 12.9543 4 24C4 35.0457 12.9543 44 24 44Z\\"></path><path fill=\\"none\\" stroke=\\"#fff\\" stroke-width=\\"4\\" stroke-linejoin=\\"round\\" stroke-linecap=\\"round\\" d=\\"M24 16V32\\"></path><path fill=\\"none\\" stroke=\\"#fff\\" stroke-width=\\"4\\" stroke-linejoin=\\"round\\" stroke-linecap=\\"round\\" d=\\"M16 24L32 24\\"></path></svg></button></div></div>"`;
